[ 2026-03-17 03:46:31,212 ] 13 root - INFO - Scraping data for Samsung...
[ 2026-03-17 03:46:31,272 ] 153 root - INFO - Scraping page 1/3 for Samsung...
[ 2026-03-17 03:46:35,013 ] 122 root - WARNING - No product card containers matched — Flipkart DOM may have changed.
[ 2026-03-17 03:46:35,014 ] 162 root - WARNING - No products found on page 1 for Samsung. Stopping pagination.
[ 2026-03-17 03:46:35,014 ] 27 root - WARNING - No data scraped for Samsung.
[ 2026-03-17 03:46:35,014 ] 13 root - INFO - Scraping data for LG...
[ 2026-03-17 03:46:35,091 ] 153 root - INFO - Scraping page 1/3 for LG...
[ 2026-03-17 03:46:37,802 ] 122 root - WARNING - No product card containers matched — Flipkart DOM may have changed.
[ 2026-03-17 03:46:37,803 ] 162 root - WARNING - No products found on page 1 for LG. Stopping pagination.
[ 2026-03-17 03:46:37,803 ] 27 root - WARNING - No data scraped for LG.
[ 2026-03-17 03:46:37,803 ] 13 root - INFO - Scraping data for Whirlpool...
[ 2026-03-17 03:46:37,859 ] 153 root - INFO - Scraping page 1/3 for Whirlpool...
[ 2026-03-17 03:46:41,312 ] 122 root - WARNING - No product card containers matched — Flipkart DOM may have changed.
[ 2026-03-17 03:46:41,312 ] 162 root - WARNING - No products found on page 1 for Whirlpool. Stopping pagination.
[ 2026-03-17 03:46:41,312 ] 27 root - WARNING - No data scraped for Whirlpool.
[ 2026-03-17 03:46:41,313 ] 13 root - INFO - Scraping data for Haier...
[ 2026-03-17 03:46:41,364 ] 153 root - INFO - Scraping page 1/3 for Haier...
[ 2026-03-17 03:46:44,293 ] 122 root - WARNING - No product card containers matched — Flipkart DOM may have changed.
[ 2026-03-17 03:46:44,293 ] 162 root - WARNING - No products found on page 1 for Haier. Stopping pagination.
[ 2026-03-17 03:46:44,293 ] 27 root - WARNING - No data scraped for Haier.
