[ 2026-03-17 03:59:10,817 ] 13 root - INFO - Scraping data for Samsung...
[ 2026-03-17 03:59:10,817 ] 120 root - INFO - Scraping page 1/3 for Samsung...
[ 2026-03-17 03:59:14,602 ] 134 root - INFO - Found 24 products on page 1 for Samsung.
[ 2026-03-17 03:59:14,602 ] 120 root - INFO - Scraping page 2/3 for Samsung...
[ 2026-03-17 03:59:16,894 ] 134 root - INFO - Found 24 products on page 2 for Samsung.
[ 2026-03-17 03:59:16,894 ] 120 root - INFO - Scraping page 3/3 for Samsung...
[ 2026-03-17 03:59:20,041 ] 134 root - INFO - Found 24 products on page 3 for Samsung.
[ 2026-03-17 03:59:20,041 ] 18 root - INFO - Processing data for Samsung...
[ 2026-03-17 03:59:20,059 ] 22 root - INFO - Storing data for Samsung...
[ 2026-03-17 03:59:20,094 ] 27 root - INFO - Created 'data/Flipkart_WashingMachines.xlsx' with sheet 'Samsung' (72 row(s)).
[ 2026-03-17 03:59:20,094 ] 25 root - INFO - Data for Samsung stored successfully.
[ 2026-03-17 03:59:20,094 ] 13 root - INFO - Scraping data for LG...
[ 2026-03-17 03:59:20,094 ] 120 root - INFO - Scraping page 1/3 for LG...
[ 2026-03-17 03:59:23,589 ] 134 root - INFO - Found 24 products on page 1 for LG.
[ 2026-03-17 03:59:23,589 ] 120 root - INFO - Scraping page 2/3 for LG...
[ 2026-03-17 03:59:26,369 ] 134 root - INFO - Found 24 products on page 2 for LG.
[ 2026-03-17 03:59:26,369 ] 120 root - INFO - Scraping page 3/3 for LG...
[ 2026-03-17 03:59:28,366 ] 134 root - INFO - Found 24 products on page 3 for LG.
[ 2026-03-17 03:59:28,366 ] 18 root - INFO - Processing data for LG...
[ 2026-03-17 03:59:28,370 ] 22 root - INFO - Storing data for LG...
[ 2026-03-17 03:59:28,426 ] 71 root - INFO - Added new sheet 'LG' to 'data/Flipkart_WashingMachines.xlsx' (72 row(s)).
[ 2026-03-17 03:59:28,427 ] 25 root - INFO - Data for LG stored successfully.
[ 2026-03-17 03:59:28,427 ] 13 root - INFO - Scraping data for Whirlpool...
[ 2026-03-17 03:59:28,427 ] 120 root - INFO - Scraping page 1/3 for Whirlpool...
[ 2026-03-17 03:59:31,579 ] 134 root - INFO - Found 24 products on page 1 for Whirlpool.
[ 2026-03-17 03:59:31,580 ] 120 root - INFO - Scraping page 2/3 for Whirlpool...
[ 2026-03-17 03:59:34,405 ] 134 root - INFO - Found 24 products on page 2 for Whirlpool.
[ 2026-03-17 03:59:34,405 ] 120 root - INFO - Scraping page 3/3 for Whirlpool...
[ 2026-03-17 03:59:36,272 ] 134 root - INFO - Found 24 products on page 3 for Whirlpool.
[ 2026-03-17 03:59:36,273 ] 18 root - INFO - Processing data for Whirlpool...
[ 2026-03-17 03:59:36,277 ] 22 root - INFO - Storing data for Whirlpool...
[ 2026-03-17 03:59:36,363 ] 71 root - INFO - Added new sheet 'Whirlpool' to 'data/Flipkart_WashingMachines.xlsx' (72 row(s)).
[ 2026-03-17 03:59:36,363 ] 25 root - INFO - Data for Whirlpool stored successfully.
[ 2026-03-17 03:59:36,363 ] 13 root - INFO - Scraping data for Haier...
[ 2026-03-17 03:59:36,364 ] 120 root - INFO - Scraping page 1/3 for Haier...
[ 2026-03-17 03:59:38,792 ] 134 root - INFO - Found 24 products on page 1 for Haier.
[ 2026-03-17 03:59:38,792 ] 120 root - INFO - Scraping page 2/3 for Haier...
[ 2026-03-17 03:59:41,673 ] 134 root - INFO - Found 24 products on page 2 for Haier.
[ 2026-03-17 03:59:41,673 ] 120 root - INFO - Scraping page 3/3 for Haier...
[ 2026-03-17 03:59:45,333 ] 134 root - INFO - Found 24 products on page 3 for Haier.
[ 2026-03-17 03:59:45,333 ] 18 root - INFO - Processing data for Haier...
[ 2026-03-17 03:59:45,338 ] 22 root - INFO - Storing data for Haier...
[ 2026-03-17 03:59:45,512 ] 71 root - INFO - Added new sheet 'Haier' to 'data/Flipkart_WashingMachines.xlsx' (72 row(s)).
[ 2026-03-17 03:59:45,512 ] 25 root - INFO - Data for Haier stored successfully.
